\BOOKMARK [0][-]{chapter.1}{\376\377\000R\000e\000s\000u\000m\000e\000n\000\040\000d\000e\000l\000\040\000p\000r\000o\000y\000e\000c\000t\000o}{}% 1
\BOOKMARK [0][-]{chapter.2}{\376\377\000T\000e\000c\000n\000o\000l\000o\000g\000\355\000a\000s\000\040\000u\000s\000a\000d\000a\000s}{}% 2
\BOOKMARK [0][-]{chapter.3}{\376\377\000T\000e\000o\000r\000\355\000a\000\040\000m\000\355\000n\000i\000m\000a\000\040\000d\000e\000\040\000M\000V\000C}{}% 3
\BOOKMARK [0][-]{chapter.4}{\376\377\000A\000r\000q\000u\000i\000t\000e\000c\000t\000u\000r\000a\000\040\000r\000e\000a\000l\000\040\000d\000e\000l\000\040\000p\000r\000o\000y\000e\000c\000t\000o}{}% 4
\BOOKMARK [0][-]{chapter.5}{\376\377\000F\000l\000u\000j\000o\000\040\000d\000e\000\040\000u\000n\000a\000\040\000p\000e\000t\000i\000c\000i\000\363\000n}{}% 5
\BOOKMARK [0][-]{chapter.6}{\376\377\000B\000a\000s\000e\000\040\000d\000e\000\040\000d\000a\000t\000o\000s}{}% 6
\BOOKMARK [0][-]{chapter.7}{\376\377\000R\000e\000l\000a\000c\000i\000o\000n\000e\000s\000\040\000p\000r\000i\000n\000c\000i\000p\000a\000l\000e\000s}{}% 7
\BOOKMARK [0][-]{chapter.8}{\376\377\000M\000\363\000d\000u\000l\000o\000s\000\040\000f\000u\000n\000c\000i\000o\000n\000a\000l\000e\000s}{}% 8
\BOOKMARK [0][-]{chapter.9}{\376\377\000R\000o\000l\000e\000s\000\040\000y\000\040\000p\000e\000r\000m\000i\000s\000o\000s}{}% 9
\BOOKMARK [0][-]{chapter.10}{\376\377\000C\000R\000U\000D}{}% 10
\BOOKMARK [0][-]{chapter.11}{\376\377\000A\000u\000t\000e\000n\000t\000i\000c\000a\000c\000i\000\363\000n\000\040\000y\000\040\000s\000e\000s\000i\000o\000n\000e\000s}{}% 11
\BOOKMARK [0][-]{chapter.12}{\376\377\000\323\000r\000d\000e\000n\000e\000s\000\040\000d\000e\000\040\000s\000e\000r\000v\000i\000c\000i\000o}{}% 12
\BOOKMARK [0][-]{chapter.13}{\376\377\000T\000r\000i\000g\000g\000e\000r\000,\000\040\000p\000r\000o\000c\000e\000d\000i\000m\000i\000e\000n\000t\000o\000\040\000y\000\040\000f\000u\000n\000c\000i\000\363\000n}{}% 13
\BOOKMARK [0][-]{chapter.14}{\376\377\000C\000o\000n\000s\000u\000l\000t\000a\000s\000\040\000S\000Q\000L\000\040\000i\000m\000p\000o\000r\000t\000a\000n\000t\000e\000s}{}% 14
\BOOKMARK [0][-]{chapter.15}{\376\377\000S\000e\000g\000u\000r\000i\000d\000a\000d\000\040\000b\000\341\000s\000i\000c\000a}{}% 15
\BOOKMARK [0][-]{chapter.16}{\376\377\000F\000r\000a\000g\000m\000e\000n\000t\000o\000s\000\040\000d\000e\000\040\000c\000\363\000d\000i\000g\000o\000\040\000e\000x\000p\000l\000i\000c\000a\000d\000o\000s}{}% 16
\BOOKMARK [0][-]{chapter.17}{\376\377\000D\000i\000a\000g\000r\000a\000m\000a\000s}{}% 17
\BOOKMARK [0][-]{chapter.18}{\376\377\000C\000a\000p\000t\000u\000r\000a\000s\000\040\000r\000e\000a\000l\000e\000s\000\040\000d\000e\000l\000\040\000s\000i\000s\000t\000e\000m\000a}{}% 18
\BOOKMARK [0][-]{chapter.19}{\376\377\000P\000r\000e\000g\000u\000n\000t\000a\000s\000\040\000p\000o\000s\000i\000b\000l\000e\000s\000\040\000d\000e\000l\000\040\000d\000o\000c\000e\000n\000t\000e}{}% 19
\BOOKMARK [0][-]{chapter.20}{\376\377\000G\000u\000i\000o\000n\000\040\000d\000e\000\040\000e\000x\000p\000o\000s\000i\000c\000i\000\363\000n\000\040\000d\000e\000\040\000s\000i\000e\000t\000e\000\040\000m\000i\000n\000u\000t\000o\000s}{}% 20
\BOOKMARK [0][-]{chapter.21}{\376\377\000P\000r\000\341\000c\000t\000i\000c\000a\000\040\000g\000u\000i\000a\000d\000a}{}% 21
\BOOKMARK [0][-]{chapter.22}{\376\377\000G\000l\000o\000s\000a\000r\000i\000o}{}% 22
\BOOKMARK [0][-]{chapter.23}{\376\377\000C\000o\000n\000c\000l\000u\000s\000i\000o\000n\000e\000s}{}% 23
