This is XeTeX, Version 3.141592653-2.6-0.999997 (MiKTeX 25.12) (preloaded format=xelatex.fmt)
 restricted \write18 enabled.
entering extended mode
(documento_maestro.tex
LaTeX2e <2025-11-01>
L3 programming layer <2025-12-24>
(C:\Users\ACER\AppData\Local\Programs\MiKTeX\tex/latex/base\article.cls
Document Class: article 2025/01/22 v1.4n Standard LaTeX document class
(C:\Users\ACER\AppData\Local\Programs\MiKTeX\tex/latex/base\size12.clo))
(C:\Users\ACER\AppData\Local\Programs\MiKTeX\tex/latex/fontspec\fontspec.sty
(C:\Users\ACER\AppData\Local\Programs\MiKTeX\tex/latex/l3packages/xparse\xparse
.sty (C:\Users\ACER\AppData\Local\Programs\MiKTeX\tex/latex/l3kernel\expl3.sty
(C:\Users\ACER\AppData\Local\Programs\MiKTeX\tex/latex/l3backend\l3backend-xete
x.def)))
(C:\Users\ACER\AppData\Local\Programs\MiKTeX\tex/latex/fontspec\fontspec-xetex.
sty (C:\Users\ACER\AppData\Local\Programs\MiKTeX\tex/latex/base\fontenc.sty)
(C:\Users\ACER\AppData\Local\Programs\MiKTeX\tex/latex/fontspec\fontspec.cfg)))
(C:\Users\ACER\AppData\Local\Programs\MiKTeX\tex/generic/babel\babel.sty
(C:\Users\ACER\AppData\Local\Programs\MiKTeX\tex/generic/babel\xebabel.def)
*************************************
* Local config file bblopts.cfg used
*
(C:\Users\ACER\AppData\Local\Programs\MiKTeX\tex/latex/arabi\bblopts.cfg)
(C:\Users\ACER\AppData\Local\Programs\MiKTeX\tex/generic/babel/locale/es\babel-
spanish.tex)
(C:\Users\ACER\AppData\Local\Programs\MiKTeX\tex/latex/babel-spanish\spanish.ld
f))
(C:\Users\ACER\AppData\Local\Programs\MiKTeX\tex/latex/geometry\geometry.sty
(C:\Users\ACER\AppData\Local\Programs\MiKTeX\tex/latex/graphics\keyval.sty)
(C:\Users\ACER\AppData\Local\Programs\MiKTeX\tex/generic/iftex\ifvtex.sty
(C:\Users\ACER\AppData\Local\Programs\MiKTeX\tex/generic/iftex\iftex.sty))
(C:\Users\ACER\AppData\Local\Programs\MiKTeX\tex/latex/geometry\geometry.cfg))
(C:\Users\ACER\AppData\Local\Programs\MiKTeX\tex/latex/booktabs\booktabs.sty)
(C:\Users\ACER\AppData\Local\Programs\MiKTeX\tex/latex/tools\array.sty)
(C:\Users\ACER\AppData\Local\Programs\MiKTeX\tex/latex/amsmath\amsmath.sty
For additional information on amsmath, use the `?' option.
(C:\Users\ACER\AppData\Local\Programs\MiKTeX\tex/latex/amsmath\amstext.sty
(C:\Users\ACER\AppData\Local\Programs\MiKTeX\tex/latex/amsmath\amsgen.sty))
(C:\Users\ACER\AppData\Local\Programs\MiKTeX\tex/latex/amsmath\amsbsy.sty)
(C:\Users\ACER\AppData\Local\Programs\MiKTeX\tex/latex/amsmath\amsopn.sty))
(C:\Users\ACER\AppData\Local\Programs\MiKTeX\tex/latex/hyperref\hyperref.sty
(C:\Users\ACER\AppData\Local\Programs\MiKTeX\tex/latex/kvsetkeys\kvsetkeys.sty)

(C:\Users\ACER\AppData\Local\Programs\MiKTeX\tex/generic/kvdefinekeys\kvdefinek
eys.sty)
(C:\Users\ACER\AppData\Local\Programs\MiKTeX\tex/generic/pdfescape\pdfescape.st
y (C:\Users\ACER\AppData\Local\Programs\MiKTeX\tex/generic/ltxcmds\ltxcmds.sty)

(C:\Users\ACER\AppData\Local\Programs\MiKTeX\tex/generic/pdftexcmds\pdftexcmds.
sty
(C:\Users\ACER\AppData\Local\Programs\MiKTeX\tex/generic/infwarerr\infwarerr.st
y))) (C:\Users\ACER\AppData\Local\Programs\MiKTeX\tex/latex/hycolor\hycolor.sty
) (C:\Users\ACER\AppData\Local\Programs\MiKTeX\tex/latex/hyperref\nameref.sty
(C:\Users\ACER\AppData\Local\Programs\MiKTeX\tex/latex/refcount\refcount.sty)
(C:\Users\ACER\AppData\Local\Programs\MiKTeX\tex/generic/gettitlestring\gettitl
estring.sty
(C:\Users\ACER\AppData\Local\Programs\MiKTeX\tex/latex/kvoptions\kvoptions.sty)
)) (C:\Users\ACER\AppData\Local\Programs\MiKTeX\tex/latex/etoolbox\etoolbox.sty
)
(C:\Users\ACER\AppData\Local\Programs\MiKTeX\tex/generic/stringenc\stringenc.st
y) (C:\Users\ACER\AppData\Local\Programs\MiKTeX\tex/latex/hyperref\pd1enc.def)
(C:\Users\ACER\AppData\Local\Programs\MiKTeX\tex/generic/intcalc\intcalc.sty)
(C:\Users\ACER\AppData\Local\Programs\MiKTeX\tex/latex/hyperref\puenc.def)
(C:\Users\ACER\AppData\Local\Programs\MiKTeX\tex/latex/url\url.sty)
(C:\Users\ACER\AppData\Local\Programs\MiKTeX\tex/generic/bitset\bitset.sty
(C:\Users\ACER\AppData\Local\Programs\MiKTeX\tex/generic/bigintcalc\bigintcalc.
sty)))
(C:\Users\ACER\AppData\Local\Programs\MiKTeX\tex/latex/hyperref\hxetex.def
(C:\Users\ACER\AppData\Local\Programs\MiKTeX\tex/latex/rerunfilecheck\rerunfile
check.sty
(C:\Users\ACER\AppData\Local\Programs\MiKTeX\tex/generic/uniquecounter\uniqueco
unter.sty)))
(C:\Users\ACER\Documents\GitHub\2026_A\ContabilidadE\Semana13\analisis_financie
ro_unac\08_salida\pdf\documento_maestro.aux)
*geometry* driver: auto-detecting
*geometry* detected driver: xetex

(C:\Users\ACER\Documents\GitHub\2026_A\ContabilidadE\Semana13\analisis_financie
ro_unac\08_salida\pdf\documento_maestro.out)
(C:\Users\ACER\Documents\GitHub\2026_A\ContabilidadE\Semana13\analisis_financie
ro_unac\08_salida\pdf\documento_maestro.out)
(C:\Users\ACER\Documents\GitHub\2026_A\ContabilidadE\Semana13\analisis_financie
ro_unac\08_salida\pdf\documento_maestro.toc) [1] (secciones/01_introduccion.tex
) (secciones/02_marco_teorico.tex) (secciones/03_estados_financieros.tex
[2]) (secciones/04_analisis_horizontal.tex [3])
(secciones/05_analisis_vertical.tex [4]) (secciones/06_comparacion.tex)
(secciones/07_caso_practico.tex [5]) (secciones/08_conclusiones.tex
Overfull \hbox (2.80603pt too wide) in paragraph at lines 49--1
[]\TU/Arial(0)/m/n/12 La lectura vertical confirma el hallazgo: el costo de ven
tas pasa de 60.00$ $% a 61.86$ $%
[6] [7]) (secciones/09_referencias.tex [8]) [9]
(C:\Users\ACER\Documents\GitHub\2026_A\ContabilidadE\Semana13\analisis_financie
ro_unac\08_salida\pdf\documento_maestro.aux) )
(see the transcript file for additional information)
Output written on C:\Users\ACER\Documents\GitHub\2026_A\ContabilidadE\Semana13\
analisis_financiero_unac\08_salida\pdf\documento_maestro.pdf (9 pages).
Transcript written on C:\Users\ACER\Documents\GitHub\2026_A\ContabilidadE\Seman
a13\analisis_financiero_unac\08_salida\pdf\documento_maestro.log.
